// Jest Snapshot v1, https://goo.gl/fbAQLP

exports[`MessageList should render the message list and match snapshot 1`] = `
<View
  keyboardVerticalOffset={86.5}
  onLayout={[Function]}
  style={
    Object {
      "paddingBottom": 0,
    }
  }
>
  <View
    collapsable={false}
    style={
      Object {
        "height": "100%",
      }
    }
  >
    <View
      collapsable={false}
      style={
        Object {
          "alignItems": "center",
          "flex": 1,
          "width": "100%",
        }
      }
    >
      <RCTScrollView
        data={
          Array [
            Object {
              "__html": "<p>regular</p>",
              "attachments": Array [],
              "created_at": 2020-05-06T14:50:00.000Z,
              "groupStyles": Array [
                "single",
              ],
              "html": "<p>regular</p>",
              "id": "b4612a73-fa2b-5787-bf71-1adc8f291a04",
              "readBy": true,
              "status": "received",
              "text": "Message3",
              "type": "regular",
              "updated_at": 2020-05-06T14:50:00.000Z,
              "user": Object {
                "banned": false,
                "created_at": "2020-04-27T13:39:49.331742Z",
                "id": "ViriBoi2",
                "image": "https://i.imgur.com/iNaC3K7.jpg",
                "name": "Vir",
                "online": false,
                "role": "user",
                "updated_at": "2020-04-27T13:39:49.332087Z",
              },
            },
            Object {
              "date": 2020-05-06T14:50:00.000Z,
              "groupStyles": Array [],
              "readBy": false,
              "type": "message.date",
            },
            Object {
              "__html": "<p>regular</p>",
              "attachments": Array [],
              "created_at": 2020-05-05T14:49:00.000Z,
              "groupStyles": Array [
                "single",
              ],
              "html": "<p>regular</p>",
              "id": "b7e00d73-82c4-59b6-a465-0785af2bc6d9",
              "readBy": true,
              "status": "received",
              "text": "Message2",
              "type": "regular",
              "updated_at": 2020-05-05T14:49:00.000Z,
              "user": Object {
                "banned": false,
                "created_at": "2020-04-27T13:39:49.331742Z",
                "id": "ViriBoi2",
                "image": "https://i.imgur.com/iNaC3K7.jpg",
                "name": "Vir",
                "online": false,
                "role": "user",
                "updated_at": "2020-04-27T13:39:49.332087Z",
              },
            },
            Object {
              "__html": "<p>regular</p>",
              "attachments": Array [],
              "created_at": 2020-05-05T14:48:00.000Z,
              "groupStyles": Array [
                "single",
              ],
              "html": "<p>regular</p>",
              "id": "e06aaa16-3deb-5d91-bca5-50efc733c183",
              "readBy": true,
              "status": "received",
              "text": "Message1",
              "type": "regular",
              "updated_at": 2020-05-05T14:48:00.000Z,
              "user": Object {
                "banned": false,
                "created_at": "2020-04-27T13:39:49.331742Z",
                "id": "GrantyBoi2",
                "image": "https://i.imgur.com/SLx06PP.png",
                "name": "Grant",
                "online": false,
                "role": "user",
                "updated_at": "2020-04-27T13:39:49.332087Z",
              },
            },
            Object {
              "date": 2020-05-05T14:48:00.000Z,
              "groupStyles": Array [],
              "readBy": false,
              "type": "message.date",
            },
          ]
        }
        disableVirtualization={false}
        extraData={false}
        getItem={[Function]}
        getItemCount={[Function]}
        horizontal={false}
        initialNumToRender={10}
        invertStickyHeaders={true}
        inverted={true}
        keyExtractor={[Function]}
        keyboardShouldPersistTaps="handled"
        maintainVisibleContentPosition={
          Object {
            "autoscrollToTopThreshold": 10,
            "minIndexForVisible": 1,
          }
        }
        maxToRenderPerBatch={10}
        numColumns={1}
        onContentSizeChange={[Function]}
        onEndReached={[Function]}
        onEndReachedThreshold={2}
        onLayout={[Function]}
        onMomentumScrollEnd={[Function]}
        onScroll={[Function]}
        onScrollBeginDrag={[Function]}
        onScrollEndDrag={[Function]}
        removeClippedSubviews={false}
        renderItem={[Function]}
        scrollEventThrottle={50}
        stickyHeaderIndices={Array []}
        style={
          Array [
            Object {
              "transform": Array [
                Object {
                  "scaleY": -1,
                },
              ],
            },
            Array [
              Object {
                "flex": 1,
                "paddingHorizontal": 10,
                "width": "100%",
              },
              Object {},
            ],
          ]
        }
        testID="message-flat-list"
        updateCellsBatchingPeriod={50}
        viewabilityConfigCallbackPairs={Array []}
        windowSize={21}
      >
        <View>
          <View
            onLayout={[Function]}
            style={
              Array [
                Object {
                  "flexDirection": "column-reverse",
                },
                Object {
                  "transform": Array [
                    Object {
                      "scaleY": -1,
                    },
                  ],
                },
              ]
            }
          >
            <View
              style={
                Array [
                  Object {
                    "alignItems": "flex-end",
                    "flexDirection": "row",
                  },
                  Object {
                    "justifyContent": "flex-start",
                    "marginBottom": 30,
                    "marginTop": 0,
                  },
                  Object {},
                ]
              }
              testID="message-simple-wrapper"
            >
              <View
                style={
                  Array [
                    Object {
                      "marginRight": 8,
                    },
                    Object {},
                  ]
                }
                testID="message-avatar"
              >
                <View
                  style={
                    Array [
                      Object {
                        "alignItems": "center",
                        "justifyContent": "center",
                      },
                      Object {},
                      undefined,
                    ]
                  }
                >
                  <Image
                    accessibilityLabel="initials"
                    onError={[Function]}
                    resizeMethod="resize"
                    source={
                      Object {
                        "uri": "https://i.imgur.com/iNaC3K7.jpg",
                      }
                    }
                    style={
                      Array [
                        Object {
                          "borderRadius": 16,
                          "height": 32,
                          "width": 32,
                        },
                        Object {},
                      ]
                    }
                    testID="avatar-image"
                  />
                </View>
              </View>
              <View
                accessible={true}
                focusable={false}
                isTVSelectable={true}
                onClick={[Function]}
                onResponderGrant={[Function]}
                onResponderMove={[Function]}
                onResponderRelease={[Function]}
                onResponderTerminate={[Function]}
                onResponderTerminationRequest={[Function]}
                onStartShouldSetResponder={[Function]}
                style={
                  Object {
                    "alignItems": "flex-start",
                    "borderBottomLeftRadius": 2,
                    "borderBottomRightRadius": 16,
                    "borderTopLeftRadius": 16,
                    "borderTopRightRadius": 16,
                    "justifyContent": "flex-start",
                    "opacity": 1,
                  }
                }
              >
                <View
                  onLayout={[Function]}
                >
                  <View
                    style={
                      Array [
                        Object {
                          "alignItems": "flex-start",
                        },
                        Object {},
                      ]
                    }
                    testID="message-content-wrapper"
                  >
                    <View
                      style={
                        Array [
                          Object {
                            "marginTop": 2,
                            "maxWidth": 250,
                            "paddingHorizontal": 16,
                          },
                          Object {
                            "alignSelf": "flex-start",
                            "borderColor": "#00000014",
                            "borderWidth": 0.5,
                          },
                          Object {
                            "backgroundColor": "#FFFFFF",
                            "borderBottomLeftRadius": 2,
                            "borderBottomRightRadius": 16,
                            "borderTopLeftRadius": 16,
                            "borderTopRightRadius": 16,
                          },
                          Object {},
                        ]
                      }
                      testID="message-text-container"
                    >
                      <View
                        style={
                          Array [
                            Object {
                              "alignSelf": "stretch",
                            },
                            undefined,
                          ]
                        }
                      >
                        <Text
                          style={
                            Object {
                              "alignItems": "flex-start",
                              "flexDirection": "row",
                              "flexWrap": "wrap",
                              "justifyContent": "flex-start",
                              "marginBottom": 0,
                              "marginTop": 0,
                            }
                          }
                        >
                          <Text
                            style={
                              Object {
                                "color": "#222222",
                              }
                            }
                          >
                            Message3
                          </Text>
                        </Text>
                      </View>
                    </View>
                  </View>
                </View>
                <View
                  style={
                    Object {
                      "flexDirection": "row",
                      "marginTop": 4,
                    }
                  }
                  testID="message-status-time"
                >
                  <Text
                    style={
                      Array [
                        Object {
                          "textAlign": "left",
                        },
                        Object {
                          "color": "#00000080",
                          "fontSize": 12,
                        },
                      ]
                    }
                  >
                    2:50 PM
                  </Text>
                </View>
              </View>
            </View>
          </View>
          <View
            onLayout={[Function]}
            style={
              Array [
                Object {
                  "flexDirection": "column-reverse",
                },
                Object {
                  "transform": Array [
                    Object {
                      "scaleY": -1,
                    },
                  ],
                },
              ]
            }
          >
            <View
              style={
                Array [
                  Object {
                    "alignItems": "center",
                    "flexDirection": "row",
                    "justifyContent": "center",
                    "marginVertical": 20,
                  },
                  Object {},
                ]
              }
              testID="date-separator"
            >
              <View
                style={
                  Array [
                    Object {
                      "flex": 1,
                      "height": 0.5,
                    },
                    Object {
                      "backgroundColor": "#EBEBEB",
                    },
                    Object {},
                  ]
                }
              />
              <Text
                style={
                  Array [
                    Object {
                      "fontSize": 10,
                      "marginHorizontal": 5,
                      "opacity": 0.8,
                      "textAlign": "center",
                      "textTransform": "uppercase",
                    },
                    Object {},
                  ]
                }
              >
                <Text
                  style={
                    Array [
                      Object {
                        "fontSize": 10,
                        "fontWeight": "700",
                        "opacity": 0.8,
                        "textTransform": "uppercase",
                      },
                      Object {},
                    ]
                  }
                >
                  05/06/2020
                </Text>
              </Text>
              <View
                style={
                  Array [
                    Object {
                      "flex": 1,
                      "height": 0.5,
                    },
                    Object {
                      "backgroundColor": "#EBEBEB",
                    },
                    Object {},
                  ]
                }
              />
            </View>
          </View>
          <View
            onLayout={[Function]}
            style={
              Array [
                Object {
                  "flexDirection": "column-reverse",
                },
                Object {
                  "transform": Array [
                    Object {
                      "scaleY": -1,
                    },
                  ],
                },
              ]
            }
          >
            <View
              style={
                Array [
                  Object {
                    "alignItems": "flex-end",
                    "flexDirection": "row",
                  },
                  Object {
                    "justifyContent": "flex-start",
                    "marginBottom": 8,
                    "marginTop": 0,
                  },
                  Object {},
                ]
              }
              testID="message-simple-wrapper"
            >
              <View
                style={
                  Array [
                    Object {
                      "marginRight": 8,
                    },
                    Object {},
                  ]
                }
                testID="message-avatar"
              >
                <View
                  style={
                    Array [
                      Object {
                        "alignItems": "center",
                        "justifyContent": "center",
                      },
                      Object {},
                      undefined,
                    ]
                  }
                >
                  <Image
                    accessibilityLabel="initials"
                    onError={[Function]}
                    resizeMethod="resize"
                    source={
                      Object {
                        "uri": "https://i.imgur.com/iNaC3K7.jpg",
                      }
                    }
                    style={
                      Array [
                        Object {
                          "borderRadius": 16,
                          "height": 32,
                          "width": 32,
                        },
                        Object {},
                      ]
                    }
                    testID="avatar-image"
                  />
                </View>
              </View>
              <View
                accessible={true}
                focusable={false}
                isTVSelectable={true}
                onClick={[Function]}
                onResponderGrant={[Function]}
                onResponderMove={[Function]}
                onResponderRelease={[Function]}
                onResponderTerminate={[Function]}
                onResponderTerminationRequest={[Function]}
                onStartShouldSetResponder={[Function]}
                style={
                  Object {
                    "alignItems": "flex-start",
                    "borderBottomLeftRadius": 2,
                    "borderBottomRightRadius": 16,
                    "borderTopLeftRadius": 16,
                    "borderTopRightRadius": 16,
                    "justifyContent": "flex-start",
                    "opacity": 1,
                  }
                }
              >
                <View
                  onLayout={[Function]}
                >
                  <View
                    style={
                      Array [
                        Object {
                          "alignItems": "flex-start",
                        },
                        Object {},
                      ]
                    }
                    testID="message-content-wrapper"
                  >
                    <View
                      style={
                        Array [
                          Object {
                            "marginTop": 2,
                            "maxWidth": 250,
                            "paddingHorizontal": 16,
                          },
                          Object {
                            "alignSelf": "flex-start",
                            "borderColor": "#00000014",
                            "borderWidth": 0.5,
                          },
                          Object {
                            "backgroundColor": "#FFFFFF",
                            "borderBottomLeftRadius": 2,
                            "borderBottomRightRadius": 16,
                            "borderTopLeftRadius": 16,
                            "borderTopRightRadius": 16,
                          },
                          Object {},
                        ]
                      }
                      testID="message-text-container"
                    >
                      <View
                        style={
                          Array [
                            Object {
                              "alignSelf": "stretch",
                            },
                            undefined,
                          ]
                        }
                      >
                        <Text
                          style={
                            Object {
                              "alignItems": "flex-start",
                              "flexDirection": "row",
                              "flexWrap": "wrap",
                              "justifyContent": "flex-start",
                              "marginBottom": 0,
                              "marginTop": 0,
                            }
                          }
                        >
                          <Text
                            style={
                              Object {
                                "color": "#222222",
                              }
                            }
                          >
                            Message2
                          </Text>
                        </Text>
                      </View>
                    </View>
                  </View>
                </View>
                <View
                  style={
                    Object {
                      "flexDirection": "row",
                      "marginTop": 4,
                    }
                  }
                  testID="message-status-time"
                >
                  <Text
                    style={
                      Array [
                        Object {
                          "textAlign": "left",
                        },
                        Object {
                          "color": "#00000080",
                          "fontSize": 12,
                        },
                      ]
                    }
                  >
                    2:49 PM
                  </Text>
                </View>
              </View>
            </View>
          </View>
          <View
            onLayout={[Function]}
            style={
              Array [
                Object {
                  "flexDirection": "column-reverse",
                },
                Object {
                  "transform": Array [
                    Object {
                      "scaleY": -1,
                    },
                  ],
                },
              ]
            }
          >
            <View
              style={
                Array [
                  Object {
                    "alignItems": "flex-end",
                    "flexDirection": "row",
                  },
                  Object {
                    "justifyContent": "flex-start",
                    "marginBottom": 8,
                    "marginTop": 0,
                  },
                  Object {},
                ]
              }
              testID="message-simple-wrapper"
            >
              <View
                style={
                  Array [
                    Object {
                      "marginRight": 8,
                    },
                    Object {},
                  ]
                }
                testID="message-avatar"
              >
                <View
                  style={
                    Array [
                      Object {
                        "alignItems": "center",
                        "justifyContent": "center",
                      },
                      Object {},
                      undefined,
                    ]
                  }
                >
                  <Image
                    accessibilityLabel="initials"
                    onError={[Function]}
                    resizeMethod="resize"
                    source={
                      Object {
                        "uri": "https://i.imgur.com/SLx06PP.png",
                      }
                    }
                    style={
                      Array [
                        Object {
                          "borderRadius": 16,
                          "height": 32,
                          "width": 32,
                        },
                        Object {},
                      ]
                    }
                    testID="avatar-image"
                  />
                </View>
              </View>
              <View
                accessible={true}
                focusable={false}
                isTVSelectable={true}
                onClick={[Function]}
                onResponderGrant={[Function]}
                onResponderMove={[Function]}
                onResponderRelease={[Function]}
                onResponderTerminate={[Function]}
                onResponderTerminationRequest={[Function]}
                onStartShouldSetResponder={[Function]}
                style={
                  Object {
                    "alignItems": "flex-start",
                    "borderBottomLeftRadius": 2,
                    "borderBottomRightRadius": 16,
                    "borderTopLeftRadius": 16,
                    "borderTopRightRadius": 16,
                    "justifyContent": "flex-start",
                    "opacity": 1,
                  }
                }
              >
                <View
                  onLayout={[Function]}
                >
                  <View
                    style={
                      Array [
                        Object {
                          "alignItems": "flex-start",
                        },
                        Object {},
                      ]
                    }
                    testID="message-content-wrapper"
                  >
                    <View
                      style={
                        Array [
                          Object {
                            "marginTop": 2,
                            "maxWidth": 250,
                            "paddingHorizontal": 16,
                          },
                          Object {
                            "alignSelf": "flex-start",
                            "borderColor": "#00000014",
                            "borderWidth": 0.5,
                          },
                          Object {
                            "backgroundColor": "#FFFFFF",
                            "borderBottomLeftRadius": 2,
                            "borderBottomRightRadius": 16,
                            "borderTopLeftRadius": 16,
                            "borderTopRightRadius": 16,
                          },
                          Object {},
                        ]
                      }
                      testID="message-text-container"
                    >
                      <View
                        style={
                          Array [
                            Object {
                              "alignSelf": "stretch",
                            },
                            undefined,
                          ]
                        }
                      >
                        <Text
                          style={
                            Object {
                              "alignItems": "flex-start",
                              "flexDirection": "row",
                              "flexWrap": "wrap",
                              "justifyContent": "flex-start",
                              "marginBottom": 0,
                              "marginTop": 0,
                            }
                          }
                        >
                          <Text
                            style={
                              Object {
                                "color": "#222222",
                              }
                            }
                          >
                            Message1
                          </Text>
                        </Text>
                      </View>
                    </View>
                  </View>
                </View>
                <View
                  style={
                    Object {
                      "flexDirection": "row",
                      "marginTop": 4,
                    }
                  }
                  testID="message-status-time"
                >
                  <Text
                    style={
                      Array [
                        Object {
                          "textAlign": "left",
                        },
                        Object {
                          "color": "#00000080",
                          "fontSize": 12,
                        },
                      ]
                    }
                  >
                    2:48 PM
                  </Text>
                </View>
              </View>
            </View>
          </View>
          <View
            onLayout={[Function]}
            style={
              Array [
                Object {
                  "flexDirection": "column-reverse",
                },
                Object {
                  "transform": Array [
                    Object {
                      "scaleY": -1,
                    },
                  ],
                },
              ]
            }
          >
            <View
              style={
                Array [
                  Object {
                    "alignItems": "center",
                    "flexDirection": "row",
                    "justifyContent": "center",
                    "marginVertical": 20,
                  },
                  Object {},
                ]
              }
              testID="date-separator"
            >
              <View
                style={
                  Array [
                    Object {
                      "flex": 1,
                      "height": 0.5,
                    },
                    Object {
                      "backgroundColor": "#EBEBEB",
                    },
                    Object {},
                  ]
                }
              />
              <Text
                style={
                  Array [
                    Object {
                      "fontSize": 10,
                      "marginHorizontal": 5,
                      "opacity": 0.8,
                      "textAlign": "center",
                      "textTransform": "uppercase",
                    },
                    Object {},
                  ]
                }
              >
                <Text
                  style={
                    Array [
                      Object {
                        "fontSize": 10,
                        "fontWeight": "700",
                        "opacity": 0.8,
                        "textTransform": "uppercase",
                      },
                      Object {},
                    ]
                  }
                >
                  05/05/2020
                </Text>
              </Text>
              <View
                style={
                  Array [
                    Object {
                      "flex": 1,
                      "height": 0.5,
                    },
                    Object {
                      "backgroundColor": "#EBEBEB",
                    },
                    Object {},
                  ]
                }
              />
            </View>
          </View>
        </View>
      </RCTScrollView>
    </View>
  </View>
</View>
`;
