// Jest Snapshot v1, https://goo.gl/fbAQLP

exports[`ReactionPicker should render ReactionPicker 1`] = `
<View>
  <Modal
    animationType="fade"
    hardwareAccelerated={false}
    testID="reaction-picker"
    transparent={true}
    visible={true}
  >
    <View
      accessible={true}
      focusable={false}
      isTVSelectable={true}
      onClick={[Function]}
      onResponderGrant={[Function]}
      onResponderMove={[Function]}
      onResponderRelease={[Function]}
      onResponderTerminate={[Function]}
      onResponderTerminationRequest={[Function]}
      onStartShouldSetResponder={[Function]}
      style={
        Object {
          "alignItems": "flex-end",
          "flex": 1,
          "opacity": 1,
        }
      }
    >
      <View
        style={
          Array [
            Object {
              "backgroundColor": "#000000",
              "borderRadius": 30,
              "flexDirection": "row",
              "height": 60,
              "paddingHorizontal": 20,
            },
            Object {
              "marginLeft": undefined,
              "marginRight": undefined,
              "marginTop": 40,
            },
            Object {},
          ]
        }
      >
        <View
          style={
            Array [
              Object {
                "alignItems": "center",
                "marginTop": -5,
              },
              Object {},
            ]
          }
          testID="like"
        >
          <View
            style={
              Array [
                Object {
                  "alignItems": "center",
                },
                Object {},
              ]
            }
          >
            <Image
              accessibilityLabel="initials"
              onError={[Function]}
              resizeMethod="resize"
              source={
                Object {
                  "uri": "https://bit.ly/321RmWb",
                }
              }
              style={
                Array [
                  Object {
                    "borderRadius": 9,
                    "height": 18,
                    "width": 18,
                  },
                  Object {},
                ]
              }
              testID="avatar-image"
            />
          </View>
          <Text
            onPress={[Function]}
            style={
              Array [
                Object {
                  "fontSize": 20,
                  "marginVertical": 5,
                },
                Object {},
              ]
            }
            testID="like-reaction"
          >
            üëç
          </Text>
          <Text
            style={
              Array [
                Object {
                  "color": "#FFFFFF",
                  "fontSize": 10,
                  "fontWeight": "bold",
                },
                Object {},
              ]
            }
            testID="like-2"
          >
            2
          </Text>
        </View>
        <View
          style={
            Array [
              Object {
                "alignItems": "center",
                "marginTop": -5,
              },
              Object {},
            ]
          }
          testID="love"
        >
          <View
            style={
              Object {
                "height": 18,
                "width": 18,
              }
            }
          />
          <Text
            onPress={[Function]}
            style={
              Array [
                Object {
                  "fontSize": 20,
                  "marginVertical": 5,
                },
                Object {},
              ]
            }
            testID="love-reaction"
          >
            ‚ù§Ô∏èÔ∏è
          </Text>
          <Text
            style={
              Array [
                Object {
                  "color": "#FFFFFF",
                  "fontSize": 10,
                  "fontWeight": "bold",
                },
                Object {},
              ]
            }
            testID="love-count"
          >
            
          </Text>
        </View>
        <View
          style={
            Array [
              Object {
                "alignItems": "center",
                "marginTop": -5,
              },
              Object {},
            ]
          }
          testID="haha"
        >
          <View
            style={
              Array [
                Object {
                  "alignItems": "center",
                },
                Object {},
              ]
            }
          >
            <Image
              accessibilityLabel="initials"
              onError={[Function]}
              resizeMethod="resize"
              source={
                Object {
                  "uri": "https://bit.ly/321RmWb",
                }
              }
              style={
                Array [
                  Object {
                    "borderRadius": 9,
                    "height": 18,
                    "width": 18,
                  },
                  Object {},
                ]
              }
              testID="avatar-image"
            />
          </View>
          <Text
            onPress={[Function]}
            style={
              Array [
                Object {
                  "fontSize": 20,
                  "marginVertical": 5,
                },
                Object {},
              ]
            }
            testID="haha-reaction"
          >
            üòÇ
          </Text>
          <Text
            style={
              Array [
                Object {
                  "color": "#FFFFFF",
                  "fontSize": 10,
                  "fontWeight": "bold",
                },
                Object {},
              ]
            }
            testID="haha-1"
          >
            1
          </Text>
        </View>
        <View
          style={
            Array [
              Object {
                "alignItems": "center",
                "marginTop": -5,
              },
              Object {},
            ]
          }
          testID="wow"
        >
          <View
            style={
              Object {
                "height": 18,
                "width": 18,
              }
            }
          />
          <Text
            onPress={[Function]}
            style={
              Array [
                Object {
                  "fontSize": 20,
                  "marginVertical": 5,
                },
                Object {},
              ]
            }
            testID="wow-reaction"
          >
            üòÆ
          </Text>
          <Text
            style={
              Array [
                Object {
                  "color": "#FFFFFF",
                  "fontSize": 10,
                  "fontWeight": "bold",
                },
                Object {},
              ]
            }
            testID="wow-count"
          >
            
          </Text>
        </View>
        <View
          style={
            Array [
              Object {
                "alignItems": "center",
                "marginTop": -5,
              },
              Object {},
            ]
          }
          testID="sad"
        >
          <View
            style={
              Array [
                Object {
                  "alignItems": "center",
                },
                Object {},
              ]
            }
          >
            <Image
              accessibilityLabel="initials"
              onError={[Function]}
              resizeMethod="resize"
              source={
                Object {
                  "uri": "https://bit.ly/321RmWb",
                }
              }
              style={
                Array [
                  Object {
                    "borderRadius": 9,
                    "height": 18,
                    "width": 18,
                  },
                  Object {},
                ]
              }
              testID="avatar-image"
            />
          </View>
          <Text
            onPress={[Function]}
            style={
              Array [
                Object {
                  "fontSize": 20,
                  "marginVertical": 5,
                },
                Object {},
              ]
            }
            testID="sad-reaction"
          >
            üòî
          </Text>
          <Text
            style={
              Array [
                Object {
                  "color": "#FFFFFF",
                  "fontSize": 10,
                  "fontWeight": "bold",
                },
                Object {},
              ]
            }
            testID="sad-2"
          >
            2
          </Text>
        </View>
        <View
          style={
            Array [
              Object {
                "alignItems": "center",
                "marginTop": -5,
              },
              Object {},
            ]
          }
          testID="angry"
        >
          <View
            style={
              Object {
                "height": 18,
                "width": 18,
              }
            }
          />
          <Text
            onPress={[Function]}
            style={
              Array [
                Object {
                  "fontSize": 20,
                  "marginVertical": 5,
                },
                Object {},
              ]
            }
            testID="angry-reaction"
          >
            üò†
          </Text>
          <Text
            style={
              Array [
                Object {
                  "color": "#FFFFFF",
                  "fontSize": 10,
                  "fontWeight": "bold",
                },
                Object {},
              ]
            }
            testID="angry-count"
          >
            
          </Text>
        </View>
      </View>
    </View>
  </Modal>
</View>
`;

exports[`ReactionPicker should render not visible ReactionPicker 1`] = `<View />`;
