// Jest Snapshot v1, https://goo.gl/fbAQLP

exports[`ReactionPickerWrapper should render left aligned ReactionPickerWrapper 1`] = `
<View>
  <View
    accessible={true}
    focusable={false}
    isTVSelectable={true}
    onClick={[Function]}
    onResponderGrant={[Function]}
    onResponderMove={[Function]}
    onResponderRelease={[Function]}
    onResponderTerminate={[Function]}
    onResponderTerminationRequest={[Function]}
    onStartShouldSetResponder={[Function]}
    style={
      Object {
        "opacity": 1,
      }
    }
    testID="reaction-picker-wrapper"
  >
    <Modal
      animationType="fade"
      hardwareAccelerated={false}
      testID="reaction-picker"
      transparent={true}
      visible={true}
    >
      <View
        accessible={true}
        focusable={false}
        isTVSelectable={true}
        onClick={[Function]}
        onResponderGrant={[Function]}
        onResponderMove={[Function]}
        onResponderRelease={[Function]}
        onResponderTerminate={[Function]}
        onResponderTerminationRequest={[Function]}
        onStartShouldSetResponder={[Function]}
        style={
          Object {
            "alignItems": "flex-end",
            "flex": 1,
            "opacity": 1,
          }
        }
      >
        <View
          style={
            Array [
              Object {
                "backgroundColor": "#000000",
                "borderRadius": 30,
                "flexDirection": "row",
                "height": 60,
                "paddingHorizontal": 20,
              },
              Object {
                "marginLeft": undefined,
                "marginRight": undefined,
                "marginTop": 40,
              },
              Object {},
            ]
          }
        >
          <View
            style={
              Array [
                Object {
                  "alignItems": "center",
                  "marginTop": -5,
                },
                Object {},
              ]
            }
            testID="like"
          >
            <View
              style={
                Object {
                  "height": 18,
                  "width": 18,
                }
              }
            />
            <Text
              onPress={[Function]}
              style={
                Array [
                  Object {
                    "fontSize": 20,
                    "marginVertical": 5,
                  },
                  Object {},
                ]
              }
              testID="like-reaction"
            >
              👍
            </Text>
            <Text
              style={
                Array [
                  Object {
                    "color": "#FFFFFF",
                    "fontSize": 10,
                    "fontWeight": "bold",
                  },
                  Object {},
                ]
              }
              testID="like-2"
            >
              2
            </Text>
          </View>
          <View
            style={
              Array [
                Object {
                  "alignItems": "center",
                  "marginTop": -5,
                },
                Object {},
              ]
            }
            testID="love"
          >
            <View
              style={
                Object {
                  "height": 18,
                  "width": 18,
                }
              }
            />
            <Text
              onPress={[Function]}
              style={
                Array [
                  Object {
                    "fontSize": 20,
                    "marginVertical": 5,
                  },
                  Object {},
                ]
              }
              testID="love-reaction"
            >
              ❤️️
            </Text>
            <Text
              style={
                Array [
                  Object {
                    "color": "#FFFFFF",
                    "fontSize": 10,
                    "fontWeight": "bold",
                  },
                  Object {},
                ]
              }
              testID="love-count"
            >
              
            </Text>
          </View>
          <View
            style={
              Array [
                Object {
                  "alignItems": "center",
                  "marginTop": -5,
                },
                Object {},
              ]
            }
            testID="haha"
          >
            <View
              style={
                Object {
                  "height": 18,
                  "width": 18,
                }
              }
            />
            <Text
              onPress={[Function]}
              style={
                Array [
                  Object {
                    "fontSize": 20,
                    "marginVertical": 5,
                  },
                  Object {},
                ]
              }
              testID="haha-reaction"
            >
              😂
            </Text>
            <Text
              style={
                Array [
                  Object {
                    "color": "#FFFFFF",
                    "fontSize": 10,
                    "fontWeight": "bold",
                  },
                  Object {},
                ]
              }
              testID="haha-1"
            >
              1
            </Text>
          </View>
          <View
            style={
              Array [
                Object {
                  "alignItems": "center",
                  "marginTop": -5,
                },
                Object {},
              ]
            }
            testID="wow"
          >
            <View
              style={
                Object {
                  "height": 18,
                  "width": 18,
                }
              }
            />
            <Text
              onPress={[Function]}
              style={
                Array [
                  Object {
                    "fontSize": 20,
                    "marginVertical": 5,
                  },
                  Object {},
                ]
              }
              testID="wow-reaction"
            >
              😮
            </Text>
            <Text
              style={
                Array [
                  Object {
                    "color": "#FFFFFF",
                    "fontSize": 10,
                    "fontWeight": "bold",
                  },
                  Object {},
                ]
              }
              testID="wow-count"
            >
              
            </Text>
          </View>
          <View
            style={
              Array [
                Object {
                  "alignItems": "center",
                  "marginTop": -5,
                },
                Object {},
              ]
            }
            testID="sad"
          >
            <View
              style={
                Object {
                  "height": 18,
                  "width": 18,
                }
              }
            />
            <Text
              onPress={[Function]}
              style={
                Array [
                  Object {
                    "fontSize": 20,
                    "marginVertical": 5,
                  },
                  Object {},
                ]
              }
              testID="sad-reaction"
            >
              😔
            </Text>
            <Text
              style={
                Array [
                  Object {
                    "color": "#FFFFFF",
                    "fontSize": 10,
                    "fontWeight": "bold",
                  },
                  Object {},
                ]
              }
              testID="sad-2"
            >
              2
            </Text>
          </View>
          <View
            style={
              Array [
                Object {
                  "alignItems": "center",
                  "marginTop": -5,
                },
                Object {},
              ]
            }
            testID="angry"
          >
            <View
              style={
                Object {
                  "height": 18,
                  "width": 18,
                }
              }
            />
            <Text
              onPress={[Function]}
              style={
                Array [
                  Object {
                    "fontSize": 20,
                    "marginVertical": 5,
                  },
                  Object {},
                ]
              }
              testID="angry-reaction"
            >
              😠
            </Text>
            <Text
              style={
                Array [
                  Object {
                    "color": "#FFFFFF",
                    "fontSize": 10,
                    "fontWeight": "bold",
                  },
                  Object {},
                ]
              }
              testID="angry-count"
            >
              
            </Text>
          </View>
        </View>
      </View>
    </Modal>
  </View>
</View>
`;

exports[`ReactionPickerWrapper should render not visible ReactionPickerWrapper 1`] = `
<View>
  <View
    accessible={true}
    focusable={true}
    isTVSelectable={true}
    onClick={[Function]}
    onResponderGrant={[Function]}
    onResponderMove={[Function]}
    onResponderRelease={[Function]}
    onResponderTerminate={[Function]}
    onResponderTerminationRequest={[Function]}
    onStartShouldSetResponder={[Function]}
    style={
      Object {
        "opacity": 1,
      }
    }
    testID="reaction-picker-wrapper"
  />
</View>
`;

exports[`ReactionPickerWrapper should render right aligned ReactionPickerWrapper 1`] = `
<View>
  <View
    accessible={true}
    focusable={false}
    isTVSelectable={true}
    onClick={[Function]}
    onResponderGrant={[Function]}
    onResponderMove={[Function]}
    onResponderRelease={[Function]}
    onResponderTerminate={[Function]}
    onResponderTerminationRequest={[Function]}
    onStartShouldSetResponder={[Function]}
    style={
      Object {
        "opacity": 1,
      }
    }
    testID="reaction-picker-wrapper"
  >
    <Modal
      animationType="fade"
      hardwareAccelerated={false}
      testID="reaction-picker"
      transparent={true}
      visible={true}
    >
      <View
        accessible={true}
        focusable={false}
        isTVSelectable={true}
        onClick={[Function]}
        onResponderGrant={[Function]}
        onResponderMove={[Function]}
        onResponderRelease={[Function]}
        onResponderTerminate={[Function]}
        onResponderTerminationRequest={[Function]}
        onStartShouldSetResponder={[Function]}
        style={
          Object {
            "alignItems": "flex-end",
            "flex": 1,
            "opacity": 1,
          }
        }
      >
        <View
          style={
            Array [
              Object {
                "backgroundColor": "#000000",
                "borderRadius": 30,
                "flexDirection": "row",
                "height": 60,
                "paddingHorizontal": 20,
              },
              Object {
                "marginLeft": undefined,
                "marginRight": undefined,
                "marginTop": 40,
              },
              Object {},
            ]
          }
        >
          <View
            style={
              Array [
                Object {
                  "alignItems": "center",
                  "marginTop": -5,
                },
                Object {},
              ]
            }
            testID="like"
          >
            <View
              style={
                Object {
                  "height": 18,
                  "width": 18,
                }
              }
            />
            <Text
              onPress={[Function]}
              style={
                Array [
                  Object {
                    "fontSize": 20,
                    "marginVertical": 5,
                  },
                  Object {},
                ]
              }
              testID="like-reaction"
            >
              👍
            </Text>
            <Text
              style={
                Array [
                  Object {
                    "color": "#FFFFFF",
                    "fontSize": 10,
                    "fontWeight": "bold",
                  },
                  Object {},
                ]
              }
              testID="like-2"
            >
              2
            </Text>
          </View>
          <View
            style={
              Array [
                Object {
                  "alignItems": "center",
                  "marginTop": -5,
                },
                Object {},
              ]
            }
            testID="love"
          >
            <View
              style={
                Object {
                  "height": 18,
                  "width": 18,
                }
              }
            />
            <Text
              onPress={[Function]}
              style={
                Array [
                  Object {
                    "fontSize": 20,
                    "marginVertical": 5,
                  },
                  Object {},
                ]
              }
              testID="love-reaction"
            >
              ❤️️
            </Text>
            <Text
              style={
                Array [
                  Object {
                    "color": "#FFFFFF",
                    "fontSize": 10,
                    "fontWeight": "bold",
                  },
                  Object {},
                ]
              }
              testID="love-count"
            >
              
            </Text>
          </View>
          <View
            style={
              Array [
                Object {
                  "alignItems": "center",
                  "marginTop": -5,
                },
                Object {},
              ]
            }
            testID="haha"
          >
            <View
              style={
                Object {
                  "height": 18,
                  "width": 18,
                }
              }
            />
            <Text
              onPress={[Function]}
              style={
                Array [
                  Object {
                    "fontSize": 20,
                    "marginVertical": 5,
                  },
                  Object {},
                ]
              }
              testID="haha-reaction"
            >
              😂
            </Text>
            <Text
              style={
                Array [
                  Object {
                    "color": "#FFFFFF",
                    "fontSize": 10,
                    "fontWeight": "bold",
                  },
                  Object {},
                ]
              }
              testID="haha-1"
            >
              1
            </Text>
          </View>
          <View
            style={
              Array [
                Object {
                  "alignItems": "center",
                  "marginTop": -5,
                },
                Object {},
              ]
            }
            testID="wow"
          >
            <View
              style={
                Object {
                  "height": 18,
                  "width": 18,
                }
              }
            />
            <Text
              onPress={[Function]}
              style={
                Array [
                  Object {
                    "fontSize": 20,
                    "marginVertical": 5,
                  },
                  Object {},
                ]
              }
              testID="wow-reaction"
            >
              😮
            </Text>
            <Text
              style={
                Array [
                  Object {
                    "color": "#FFFFFF",
                    "fontSize": 10,
                    "fontWeight": "bold",
                  },
                  Object {},
                ]
              }
              testID="wow-count"
            >
              
            </Text>
          </View>
          <View
            style={
              Array [
                Object {
                  "alignItems": "center",
                  "marginTop": -5,
                },
                Object {},
              ]
            }
            testID="sad"
          >
            <View
              style={
                Object {
                  "height": 18,
                  "width": 18,
                }
              }
            />
            <Text
              onPress={[Function]}
              style={
                Array [
                  Object {
                    "fontSize": 20,
                    "marginVertical": 5,
                  },
                  Object {},
                ]
              }
              testID="sad-reaction"
            >
              😔
            </Text>
            <Text
              style={
                Array [
                  Object {
                    "color": "#FFFFFF",
                    "fontSize": 10,
                    "fontWeight": "bold",
                  },
                  Object {},
                ]
              }
              testID="sad-2"
            >
              2
            </Text>
          </View>
          <View
            style={
              Array [
                Object {
                  "alignItems": "center",
                  "marginTop": -5,
                },
                Object {},
              ]
            }
            testID="angry"
          >
            <View
              style={
                Object {
                  "height": 18,
                  "width": 18,
                }
              }
            />
            <Text
              onPress={[Function]}
              style={
                Array [
                  Object {
                    "fontSize": 20,
                    "marginVertical": 5,
                  },
                  Object {},
                ]
              }
              testID="angry-reaction"
            >
              😠
            </Text>
            <Text
              style={
                Array [
                  Object {
                    "color": "#FFFFFF",
                    "fontSize": 10,
                    "fontWeight": "bold",
                  },
                  Object {},
                ]
              }
              testID="angry-count"
            >
              
            </Text>
          </View>
        </View>
      </View>
    </Modal>
  </View>
</View>
`;
