// Jest Snapshot v1, https://goo.gl/fbAQLP

exports[`MessageInput should render MessageInput 1`] = `
<View
  keyboardVerticalOffset={86.5}
  onLayout={[Function]}
  style={
    Object {
      "paddingBottom": 0,
    }
  }
>
  <View
    collapsable={false}
    style={
      Object {
        "height": "100%",
      }
    }
  >
    <View
      style={
        Array [
          Object {
            "backgroundColor": "#0000000D",
            "borderRadius": 10,
            "marginHorizontal": 10,
          },
          Object {
            "paddingTop": 0,
          },
          Object {},
        ]
      }
    >
      <Modal
        animationType="none"
        hardwareAccelerated={false}
        onRequestClose={[Function]}
        transparent={true}
        visible={false}
      >
        <View
          style={
            Array [
              Array [
                Object {
                  "flex": 1,
                  "flexDirection": "row",
                },
              ],
            ]
          }
        >
          <Text
            onPress={[Function]}
            style={
              Array [
                Array [
                  Object {
                    "backgroundColor": "#000",
                    "bottom": 0,
                    "left": 0,
                    "opacity": 0.4,
                    "position": "absolute",
                    "right": 0,
                    "top": 0,
                  },
                ],
              ]
            }
          />
          <View
            style={
              Object {
                "alignSelf": "flex-end",
                "backgroundColor": "#e5e5e5",
                "flex": 1,
                "height": 141,
                "transform": Array [
                  Object {
                    "translateY": 141,
                  },
                ],
              }
            }
          >
            <View
              style={
                Array [
                  Object {
                    "alignItems": "center",
                    "backgroundColor": "#fff",
                    "height": 40,
                    "justifyContent": "center",
                  },
                ]
              }
            >
              <View
                style={
                  Array [
                    Object {
                      "alignItems": "center",
                      "flexDirection": "row",
                      "height": "100%",
                      "justifyContent": "space-between",
                      "paddingHorizontal": 20,
                      "width": "100%",
                    },
                    Object {},
                  ]
                }
              >
                <Text
                  style={
                    Array [
                      Object {
                        "fontWeight": "bold",
                      },
                      Object {},
                    ]
                  }
                >
                  Add a file
                </Text>
                <View
                  accessible={true}
                  focusable={true}
                  isTVSelectable={true}
                  onClick={[Function]}
                  onResponderGrant={[Function]}
                  onResponderMove={[Function]}
                  onResponderRelease={[Function]}
                  onResponderTerminate={[Function]}
                  onResponderTerminationRequest={[Function]}
                  onStartShouldSetResponder={[Function]}
                  style={
                    Object {
                      "backgroundColor": "#0000000D",
                      "borderRadius": 5,
                      "opacity": 1,
                      "padding": 5,
                    }
                  }
                  testID="icon-square"
                >
                  <Image
                    source={
                      Object {
                        "testUri": "../../../src/images/icons/icon_close.png",
                      }
                    }
                    style={
                      Array [
                        Object {
                          "height": 15,
                          "width": 15,
                        },
                        Object {},
                      ]
                    }
                  />
                </View>
              </View>
            </View>
            <RCTScrollView
              scrollEnabled={false}
            >
              <View>
                <View
                  accessible={true}
                  focusable={true}
                  isTVSelectable={true}
                  onClick={[Function]}
                  onResponderGrant={[Function]}
                  onResponderMove={[Function]}
                  onResponderRelease={[Function]}
                  onResponderTerminate={[Function]}
                  onResponderTerminationRequest={[Function]}
                  onStartShouldSetResponder={[Function]}
                  style={
                    Array [
                      Object {
                        "alignItems": "center",
                        "backgroundColor": "#fff",
                        "height": 50,
                        "justifyContent": "center",
                        "marginTop": 0.5,
                      },
                    ]
                  }
                >
                  <View
                    style={
                      Array [
                        Object {
                          "alignItems": "center",
                          "flexDirection": "row",
                          "justifyContent": "flex-start",
                          "paddingLeft": 20,
                          "width": "100%",
                        },
                        Object {},
                      ]
                    }
                    testID="upload-photo-item"
                  >
                    <View
                      style={
                        Array [
                          Object {
                            "backgroundColor": "#0000000D",
                            "borderRadius": 5,
                            "padding": 5,
                          },
                          Object {},
                        ]
                      }
                      testID="icon-square"
                    >
                      <Image
                        source={
                          Object {
                            "testUri": "../../../src/images/icons/icon_attach-media.png",
                          }
                        }
                        style={
                          Array [
                            Object {
                              "height": 15,
                              "width": 15,
                            },
                            Object {},
                          ]
                        }
                      />
                    </View>
                    <Text
                      style={Object {}}
                    >
                      Upload a photo
                    </Text>
                  </View>
                </View>
                <View
                  accessible={true}
                  focusable={true}
                  isTVSelectable={true}
                  onClick={[Function]}
                  onResponderGrant={[Function]}
                  onResponderMove={[Function]}
                  onResponderRelease={[Function]}
                  onResponderTerminate={[Function]}
                  onResponderTerminationRequest={[Function]}
                  onStartShouldSetResponder={[Function]}
                  style={
                    Array [
                      Object {
                        "alignItems": "center",
                        "backgroundColor": "#fff",
                        "height": 50,
                        "justifyContent": "center",
                        "marginTop": 0.5,
                      },
                    ]
                  }
                >
                  <View
                    style={
                      Array [
                        Object {
                          "alignItems": "center",
                          "flexDirection": "row",
                          "justifyContent": "flex-start",
                          "paddingLeft": 20,
                          "width": "100%",
                        },
                        Object {},
                      ]
                    }
                    testID="upload-file-item"
                  >
                    <View
                      style={
                        Array [
                          Object {
                            "backgroundColor": "#0000000D",
                            "borderRadius": 5,
                            "padding": 5,
                          },
                          Object {},
                        ]
                      }
                      testID="icon-square"
                    >
                      <Image
                        source={
                          Object {
                            "testUri": "../../../src/images/icons/icon_folder.png",
                          }
                        }
                        style={
                          Array [
                            Object {
                              "height": 15,
                              "width": 15,
                            },
                            Object {},
                          ]
                        }
                      />
                    </View>
                    <Text
                      style={Object {}}
                    >
                      Upload a file
                    </Text>
                  </View>
                </View>
              </View>
            </RCTScrollView>
          </View>
        </View>
      </Modal>
      <View
        style={
          Array [
            Object {
              "alignItems": "center",
              "flexDirection": "row",
              "margin": 10,
              "minHeight": 46,
              "paddingHorizontal": 10,
            },
            Object {},
          ]
        }
      >
        <View
          accessible={true}
          focusable={true}
          isTVSelectable={true}
          onClick={[Function]}
          onResponderGrant={[Function]}
          onResponderMove={[Function]}
          onResponderRelease={[Function]}
          onResponderTerminate={[Function]}
          onResponderTerminationRequest={[Function]}
          onStartShouldSetResponder={[Function]}
          style={
            Object {
              "marginRight": 8,
              "opacity": 1,
            }
          }
          testID="attach-button"
        >
          <Image
            source={
              Object {
                "testUri": "../../../src/images/icons/plus-outline.png",
              }
            }
            style={
              Array [
                Object {
                  "height": 15,
                  "width": 15,
                },
                Object {},
              ]
            }
          />
        </View>
        <TextInput
          allowFontScaling={true}
          multiline={true}
          onChangeText={[Function]}
          onSelectionChange={[Function]}
          placeholder="Write your message"
          rejectResponderTermination={true}
          style={
            Array [
              Object {
                "flex": 1,
                "margin": -5,
                "maxHeight": 60,
              },
              Object {},
            ]
          }
          testID="auto-complete-text-input"
          underlineColorAndroid="transparent"
          value=""
        />
        <View
          accessible={true}
          focusable={true}
          isTVSelectable={true}
          onClick={[Function]}
          onResponderGrant={[Function]}
          onResponderMove={[Function]}
          onResponderRelease={[Function]}
          onResponderTerminate={[Function]}
          onResponderTerminationRequest={[Function]}
          onStartShouldSetResponder={[Function]}
          style={
            Object {
              "marginLeft": 8,
              "opacity": 1,
            }
          }
          testID="send-button"
        >
          <Image
            source={
              Object {
                "testUri": "../../../src/images/icons/icon_new_message.png",
              }
            }
            style={
              Array [
                Object {
                  "height": 15,
                  "width": 15,
                },
                Object {},
              ]
            }
          />
        </View>
      </View>
    </View>
  </View>
</View>
`;
