// Jest Snapshot v1, https://goo.gl/fbAQLP

exports[`MessagePinned should render message pinned 1`] = `
<View
  style={
    Array [
      Object {
        "display": "flex",
        "flexDirection": "row",
        "marginBottom": 8,
        "marginLeft": 30,
        "marginTop": 5,
      },
      Object {
        "justifyContent": "flex-start",
      },
    ]
  }
  testID="message-pinned"
>
  <RNSVGSvgView
    align="xMidYMid"
    bbHeight={16}
    bbWidth={24}
    focusable={false}
    height={16}
    meetOrSlice={0}
    minX={0}
    minY={0}
    pathFill="#7A7A7A"
    style={
      Array [
        Object {
          "backgroundColor": "transparent",
          "borderWidth": 0,
        },
        Object {
          "flex": 0,
          "height": 16,
          "width": 24,
        },
      ]
    }
    vbHeight={24}
    vbWidth={16}
    width={24}
  >
    <RNSVGGroup>
      <RNSVGPath
        clipRule={0}
        d="M16.041 0.293372C15.7956 0.0479219 15.4405 -0.0529382 15.1027 0.0268118C14.7649 0.106562 14.4924 0.355552 14.3826 0.684852L13.7492 2.58516L9.0804 7.25401C6.69213 6.71299 3.39999 8.68517 1.29335 10.7918C0.902218 11.1829 0.902218 11.8171 1.29335 12.2082L5.83434 16.7492L1.70973 20.8738C1.3186 21.265 1.3186 21.8991 1.70973 22.2902C2.10086 22.6814 2.73501 22.6814 3.12614 22.2902L7.25074 18.1656L11.7918 22.7067C12.1829 23.0978 12.8171 23.0978 13.2082 22.7067C15.3148 20.6 17.287 17.3079 16.746 14.9196L21.4148 10.2508L23.3151 9.61735C23.6444 9.50758 23.8934 9.23514 23.9732 8.89731C24.0529 8.55948 23.9521 8.20444 23.7066 7.95899L16.041 0.293372ZM15.5748 3.4429L15.7705 2.85567L21.1443 8.2295L20.5571 8.42525C20.4096 8.47441 20.2756 8.55725 20.1656 8.6672L14.9164 13.9164C14.6481 14.1847 14.5545 14.5814 14.6744 14.9413C15.1518 16.3733 13.8573 18.8847 12.4693 20.5514L3.44861 11.5307C5.11529 10.1427 7.62666 8.84822 9.0587 9.3256C9.4186 9.4455 9.8153 9.3519 10.0836 9.0836L15.3328 3.83438C15.4427 3.72444 15.5256 3.59041 15.5748 3.4429Z"
        fill={4286216826}
        fillRule={0}
        propList={
          Array [
            "fill",
            "fillRule",
          ]
        }
      />
    </RNSVGGroup>
  </RNSVGSvgView>
  <Text
    style={
      Array [
        Object {
          "color": "#7A7A7A",
        },
        Object {
          "marginLeft": 5,
        },
      ]
    }
  >
    Pinned by
     
    You
  </Text>
</View>
`;
