// Jest Snapshot v1, https://goo.gl/fbAQLP

exports[`ChannelListMessenger renders a test component correctly 1`] = `
Array [
  <View>
    <Text>
      dan
    </Text>
  </View>,
  <View>
    <Text>
      neil
    </Text>
  </View>,
]
`;
